[    1.2s] stage 3 on sides ['a', 'b'] (output suffix '_ab')
[  118.0s] eval S1 (1102482) {"type": "thr", "t": 0.4, "prob": "p2"}: GBDT 0.98024 -> with transformer 0.98654
[  118.0s] eval S1 (1102482) {"type": "thr", "t": 0.45, "prob": "p2"}: GBDT 0.98068 -> with transformer 0.98704
[  118.0s] eval S1 (1102482) {"type": "thr", "t": 0.5, "prob": "p2"}: GBDT 0.98097 -> with transformer 0.98746
[  118.0s] eval S1 (1102482) {"type": "thr", "t": 0.55, "prob": "p2"}: GBDT 0.98114 -> with transformer 0.98774
[  118.0s] eval S1 (1102482) {"type": "thr", "t": 0.6, "prob": "p2"}: GBDT 0.98114 -> with transformer 0.98792
[  118.0s] eval S1 (1102482) {"type": "thr", "t": 0.65, "prob": "p2"}: GBDT 0.98094 -> with transformer 0.98799
[  118.0s] eval S1 (1102482) {"type": "thr", "t": 0.7, "prob": "p2"}: GBDT 0.98065 -> with transformer 0.98804
[  118.0s] eval S1 (1102482) {"type": "thr", "t": 0.75, "prob": "p2"}: GBDT 0.98007 -> with transformer 0.98798
[  118.0s] eval S1 (1102482) {"type": "thr", "t": 0.8, "prob": "p2"}: GBDT 0.97918 -> with transformer 0.98788
[  118.0s] eval S1 (1102482) {"type": "thr", "t": 0.85, "prob": "p2"}: GBDT 0.97779 -> with transformer 0.98766
[  118.0s] eval S1 (1102482) {"type": "thr", "t": 0.9, "prob": "p2"}: GBDT 0.97526 -> with transformer 0.98722
[  118.0s] eval S1 (1102482) {"type": "expf", "floor": 0.3, "alpha": 1.0, "prob": "p2"}: GBDT 0.98151 -> with transformer 0.98811
[  118.0s] eval S1 (1102482) {"type": "expf", "floor": 0.3, "alpha": 1.5, "prob": "p2"}: GBDT 0.98055 -> with transformer 0.98802
[  118.0s] eval S1 (1102482) {"type": "expf", "floor": 0.3, "alpha": 2.0, "prob": "p2"}: GBDT 0.97955 -> with transformer 0.98785
[  118.0s] eval S1 (1102482) {"type": "expf", "floor": 0.5, "alpha": 1.0, "prob": "p2"}: GBDT 0.98140 -> with transformer 0.98811
[  118.0s] eval S1 (1102482) {"type": "expf", "floor": 0.5, "alpha": 1.5, "prob": "p2"}: GBDT 0.98052 -> with transformer 0.98803
[  118.0s] eval S1 (1102482) {"type": "expf", "floor": 0.5, "alpha": 2.0, "prob": "p2"}: GBDT 0.97953 -> with transformer 0.98785
[  118.0s] BEST eval: GBDT 0.98151 ({"type": "expf", "floor": 0.3, "alpha": 1.0, "prob": "p2"}) -> with transformer 0.98811 ({"type": "expf", "floor": 0.5, "alpha": 1.0, "prob": "p2"})
[  229.8s] all S1 (2206821) {"type": "thr", "t": 0.4, "prob": "p2"}: GBDT 0.98030 -> with transformer 0.98656
[  229.8s] all S1 (2206821) {"type": "thr", "t": 0.45, "prob": "p2"}: GBDT 0.98074 -> with transformer 0.98707
[  229.8s] all S1 (2206821) {"type": "thr", "t": 0.5, "prob": "p2"}: GBDT 0.98106 -> with transformer 0.98748
[  229.8s] all S1 (2206821) {"type": "thr", "t": 0.55, "prob": "p2"}: GBDT 0.98122 -> with transformer 0.98777
[  229.8s] all S1 (2206821) {"type": "thr", "t": 0.6, "prob": "p2"}: GBDT 0.98122 -> with transformer 0.98794
[  229.8s] all S1 (2206821) {"type": "thr", "t": 0.65, "prob": "p2"}: GBDT 0.98105 -> with transformer 0.98803
[  229.8s] all S1 (2206821) {"type": "thr", "t": 0.7, "prob": "p2"}: GBDT 0.98073 -> with transformer 0.98807
[  229.8s] all S1 (2206821) {"type": "thr", "t": 0.75, "prob": "p2"}: GBDT 0.98018 -> with transformer 0.98803
[  229.8s] all S1 (2206821) {"type": "thr", "t": 0.8, "prob": "p2"}: GBDT 0.97932 -> with transformer 0.98792
[  229.8s] all S1 (2206821) {"type": "thr", "t": 0.85, "prob": "p2"}: GBDT 0.97793 -> with transformer 0.98770
[  229.8s] all S1 (2206821) {"type": "thr", "t": 0.9, "prob": "p2"}: GBDT 0.97537 -> with transformer 0.98727
[  229.8s] all S1 (2206821) {"type": "expf", "floor": 0.3, "alpha": 1.0, "prob": "p2"}: GBDT 0.98157 -> with transformer 0.98814
[  229.8s] all S1 (2206821) {"type": "expf", "floor": 0.3, "alpha": 1.5, "prob": "p2"}: GBDT 0.98063 -> with transformer 0.98806
[  229.8s] all S1 (2206821) {"type": "expf", "floor": 0.3, "alpha": 2.0, "prob": "p2"}: GBDT 0.97965 -> with transformer 0.98789
[  229.8s] all S1 (2206821) {"type": "expf", "floor": 0.5, "alpha": 1.0, "prob": "p2"}: GBDT 0.98149 -> with transformer 0.98815
[  229.8s] all S1 (2206821) {"type": "expf", "floor": 0.5, "alpha": 1.5, "prob": "p2"}: GBDT 0.98060 -> with transformer 0.98806
[  229.8s] all S1 (2206821) {"type": "expf", "floor": 0.5, "alpha": 2.0, "prob": "p2"}: GBDT 0.97963 -> with transformer 0.98789
[  229.8s] BEST all: GBDT 0.98157 ({"type": "expf", "floor": 0.3, "alpha": 1.0, "prob": "p2"}) -> with transformer 0.98815 ({"type": "expf", "floor": 0.5, "alpha": 1.0, "prob": "p2"})
[  235.8s] stage-3 importance: {'p1': 106582, 'p2': 7212560, 'ce': 12844836, 'ce_margin': 1279408, 'ce_rank': 13609, 'p2_margin': 77554, 'n_cc': 5253, 'p1_rank': 30225}
[  252.0s] test stage-3 agreement between sides: corr 0.9877, decisions differing at 0.5: 47519
[  254.0s] wrote E:\Projects\Amazon ML Challenge\work\ce_x\test_scores_ce_ab.parquet (11656208 rows; 2258991 S2/S3 rows re-scored); rule {"type": "expf", "floor": 0.5, "alpha": 1.0, "prob": "p2"} -> rule_ab.json
