[  104.2s]   France_000.parquet: 7827492 pairs, 249994 records
[  207.9s]   France_001.parquet: 7831472 pairs, 249995 records
[  306.4s]   France_002.parquet: 7828728 pairs, 249993 records
[  399.8s]   France_003.parquet: 7820031 pairs, 249993 records
[  493.1s]   France_004.parquet: 7820476 pairs, 249995 records
[  563.7s]   France_005.parquet: 5785661 pairs, 184987 records
[  648.2s]   India_000.parquet: 7443106 pairs, 149999 records
[  733.3s]   India_001.parquet: 7443538 pairs, 150000 records
[  817.9s]   India_002.parquet: 7445274 pairs, 150000 records
[  905.5s]   India_003.parquet: 7445477 pairs, 149998 records
[  991.4s]   India_004.parquet: 7444173 pairs, 149998 records
[ 1079.4s]   India_005.parquet: 7444356 pairs, 149999 records
[ 1163.6s]   India_006.parquet: 7445685 pairs, 150000 records
[ 1247.9s]   India_007.parquet: 7446891 pairs, 150000 records
[ 1332.9s]   India_008.parquet: 7444349 pairs, 150000 records
[ 1415.6s]   India_009.parquet: 7444948 pairs, 150000 records
[ 1500.3s]   India_010.parquet: 7445719 pairs, 150000 records
[ 1585.3s]   India_011.parquet: 7445096 pairs, 149995 records
[ 1673.2s]   India_012.parquet: 7445175 pairs, 150000 records
[ 1757.4s]   India_013.parquet: 7447033 pairs, 150000 records
[ 1842.3s]   India_014.parquet: 7442745 pairs, 149998 records
[ 1924.8s]   India_015.parquet: 7471354 pairs, 150000 records
[ 2012.2s]   India_016.parquet: 7488192 pairs, 150000 records
[ 2098.6s]   India_017.parquet: 7490205 pairs, 149998 records
[ 2181.2s]   India_018.parquet: 7489611 pairs, 149999 records
[ 2265.7s]   India_019.parquet: 7490596 pairs, 150000 records
[ 2350.3s]   India_020.parquet: 7489359 pairs, 150000 records
[ 2435.7s]   India_021.parquet: 7489817 pairs, 150000 records
[ 2521.8s]   India_022.parquet: 7490070 pairs, 149999 records
[ 2608.9s]   India_023.parquet: 7488536 pairs, 150000 records
[ 2693.1s]   India_024.parquet: 7491143 pairs, 150000 records
[ 2779.2s]   India_025.parquet: 7494055 pairs, 149999 records
[ 2866.4s]   India_026.parquet: 7490548 pairs, 149999 records
[ 2951.1s]   India_027.parquet: 7492676 pairs, 150000 records
[ 3036.9s]   India_028.parquet: 7491041 pairs, 150000 records
[ 3120.1s]   India_029.parquet: 7489166 pairs, 149999 records
[ 3205.3s]   India_030.parquet: 7492342 pairs, 149998 records
[ 3245.5s]   India_031.parquet: 3373018 pairs, 67564 records
[ 3302.8s]   US_000.parquet: 4978181 pairs, 100000 records
[ 3359.0s]   US_001.parquet: 4975130 pairs, 100000 records
[ 3415.8s]   US_002.parquet: 4974749 pairs, 100000 records
[ 3472.9s]   US_003.parquet: 4978499 pairs, 99999 records
[ 3528.8s]   US_004.parquet: 4974798 pairs, 100000 records
[ 3584.8s]   US_005.parquet: 4976813 pairs, 100000 records
[ 3640.6s]   US_006.parquet: 4977370 pairs, 100000 records
[ 3696.4s]   US_007.parquet: 4979864 pairs, 99999 records
[ 3752.7s]   US_008.parquet: 4976149 pairs, 100000 records
[ 3808.7s]   US_009.parquet: 4976415 pairs, 100000 records
[ 3864.2s]   US_010.parquet: 4977133 pairs, 100000 records
[ 3920.8s]   US_011.parquet: 4978135 pairs, 100000 records
[ 3977.4s]   US_012.parquet: 4979507 pairs, 100000 records
[ 4033.3s]   US_013.parquet: 4976249 pairs, 99999 records
[ 4089.8s]   US_014.parquet: 4977374 pairs, 100000 records
[ 4146.4s]   US_015.parquet: 4981027 pairs, 100000 records
[ 4203.4s]   US_016.parquet: 4977458 pairs, 100000 records
[ 4259.8s]   US_017.parquet: 4978275 pairs, 99999 records
[ 4315.8s]   US_018.parquet: 4978765 pairs, 100000 records
[ 4371.2s]   US_019.parquet: 4978889 pairs, 100000 records
[ 4427.3s]   US_020.parquet: 4977108 pairs, 99999 records
[ 4483.7s]   US_021.parquet: 4978344 pairs, 99999 records
[ 4539.7s]   US_022.parquet: 4977014 pairs, 100000 records
[ 4595.4s]   US_023.parquet: 4979501 pairs, 100000 records
[ 4650.9s]   US_024.parquet: 4978078 pairs, 100000 records
[ 4711.2s]   US_025.parquet: 4976294 pairs, 100000 records
[ 4767.5s]   US_026.parquet: 4976661 pairs, 100000 records
[ 4823.2s]   US_027.parquet: 4977257 pairs, 99999 records
[ 4879.4s]   US_028.parquet: 4976241 pairs, 100000 records
[ 4935.6s]   US_029.parquet: 4977247 pairs, 100000 records
[ 4992.1s]   US_030.parquet: 4977412 pairs, 99999 records
[ 5048.6s]   US_031.parquet: 4977275 pairs, 100000 records
[ 5105.0s]   US_032.parquet: 4976220 pairs, 99999 records
[ 5160.3s]   US_033.parquet: 4978640 pairs, 100000 records
[ 5216.1s]   US_034.parquet: 4976501 pairs, 100000 records
[ 5272.2s]   US_035.parquet: 4975559 pairs, 100000 records
[ 5328.3s]   US_036.parquet: 4975743 pairs, 100000 records
[ 5383.4s]   US_037.parquet: 4975025 pairs, 100000 records
[ 5393.3s]   US_038.parquet: 847846 pairs, 17030 records
[ 5547.1s] wrote E:\Projects\Amazon ML Challenge\work\test_scores_full_cons_test_b2.parquet: 10687724 rows, 9969520 records
[ 5550.6s]   check France: pairs new 1732369, old 1732369, both 1732369, max |p2 - old| 0.000000
[ 5550.7s]   check US: pairs new 3942489, old 3944240, both 3828041, max |p2 - old| 0.979858
[ 5550.9s]   check India: pairs new 5012866, old 5037141, both 4759718, max |p2 - old| 0.986187
